// Jest Snapshot v1, https://goo.gl/fbAQLP

exports[`Card snapshot renders correctly 1`] = `
<View
  style={
    Object {
      "backgroundColor": "#18191C",
      "borderColor": "#e1e8ee",
      "borderRadius": 10,
      "borderWidth": 0,
      "margin": 15,
      "marginBottom": 0,
      "padding": 15,
      "shadowColor": "rgba(0,0,0, .2)",
      "shadowOffset": Object {
        "height": 0,
        "width": 0,
      },
      "shadowOpacity": 1,
      "shadowRadius": 1,
    }
  }
>
  <View
    style={
      Object {
        "backgroundColor": "transparent",
      }
    }
  >
    <View>
      <Text
        style={
          Object {
            "color": "#fff",
            "fontSize": 22,
            "fontWeight": "normal",
            "marginBottom": 15,
            "textAlign": "left",
          }
        }
        testID="cardTitle"
        theme={
          Object {
            "colors": Object {
              "disabled": "hsl(208, 8%, 90%)",
              "divider": "#bcbbc1",
              "error": "#ff190c",
              "grey0": "#393e42",
              "grey1": "#43484d",
              "grey2": "#5e6977",
              "grey3": "#86939e",
              "grey4": "#bdc6cf",
              "grey5": "#e1e8ee",
              "greyOutline": "#bbb",
              "platform": Object {
                "android": Object {
                  "error": "#f44336",
                  "primary": "#2196f3",
                  "secondary": "#9C27B0",
                  "success": "#4caf50",
                  "warning": "#ffeb3b",
                },
                "ios": Object {
                  "error": "#ff3b30",
                  "primary": "#007aff",
                  "secondary": "#5856d6",
                  "success": "#4cd964",
                  "warning": "#ffcc00",
                },
              },
              "primary": "#2089dc",
              "searchBg": "#303337",
              "secondary": "#8F0CE8",
              "success": "#52c41a",
              "warning": "#faad14",
            },
          }
        }
      >
        Title
      </Text>
      <View
        style={
          Object {
            "backgroundColor": "#bcbbc1",
            "height": 0.5,
            "marginBottom": 15,
          }
        }
      />
    </View>
  </View>
</View>
`;
