// Jest Snapshot v1, https://goo.gl/fbAQLP

exports[`Input snapshot renders correctly 1`] = `
<View
  style={
    Object {
      "paddingHorizontal": 0,
      "width": "100%",
    }
  }
>
  <Text
    style={
      Object {
        "color": "#fff",
        "fontSize": 16,
        "fontWeight": "bold",
      }
    }
  >
    Expiry month
  </Text>
  <View
    style={
      Object {
        "alignItems": "center",
        "borderBottomWidth": 1,
        "borderColor": "#202124",
        "flexDirection": "row",
        "transform": Array [
          Object {
            "translateX": 0,
          },
        ],
      }
    }
  >
    <View
      style={
        Object {
          "alignItems": "center",
          "height": 40,
          "justifyContent": "center",
          "marginLeft": 0,
          "marginRight": 10,
        }
      }
    >
      <View>
        <View
          style={
            Object {
              "alignItems": "center",
              "backgroundColor": "transparent",
              "justifyContent": "center",
            }
          }
          theme={
            Object {
              "colors": Object {
                "disabled": "hsl(208, 8%, 90%)",
                "divider": "#bcbbc1",
                "error": "#ff190c",
                "grey0": "#393e42",
                "grey1": "#43484d",
                "grey2": "#5e6977",
                "grey3": "#86939e",
                "grey4": "#bdc6cf",
                "grey5": "#e1e8ee",
                "greyOutline": "#bbb",
                "platform": Object {
                  "android": Object {
                    "error": "#f44336",
                    "primary": "#2196f3",
                    "secondary": "#9C27B0",
                    "success": "#4caf50",
                    "warning": "#ffeb3b",
                  },
                  "ios": Object {
                    "error": "#ff3b30",
                    "primary": "#007aff",
                    "secondary": "#5856d6",
                    "success": "#4cd964",
                    "warning": "#ffcc00",
                  },
                },
                "primary": "#2089dc",
                "searchBg": "#303337",
                "secondary": "#8F0CE8",
                "success": "#52c41a",
                "warning": "#faad14",
              },
            }
          }
          underlayColor="white"
        >
          <Text />
        </View>
      </View>
    </View>
    <TextInput
      allowFontScaling={true}
      editable={true}
      onChangeText={[Function]}
      placeholder="MM"
      placeholderTextColor="#3b423b"
      rejectResponderTermination={true}
      style={
        Object {
          "alignSelf": "center",
          "borderColor": "#ccc",
          "color": "#fff",
          "flex": 1,
          "fontSize": 18,
          "minHeight": 40,
        }
      }
      testID="RNE__Input__text-input"
      underlineColorAndroid="transparent"
      value="test"
    />
    <View
      style={
        Object {
          "alignItems": "center",
          "height": 40,
          "justifyContent": "center",
          "marginLeft": 15,
        }
      }
    >
      <View>
        <View
          style={
            Object {
              "alignItems": "center",
              "backgroundColor": "transparent",
              "justifyContent": "center",
            }
          }
          theme={
            Object {
              "colors": Object {
                "disabled": "hsl(208, 8%, 90%)",
                "divider": "#bcbbc1",
                "error": "#ff190c",
                "grey0": "#393e42",
                "grey1": "#43484d",
                "grey2": "#5e6977",
                "grey3": "#86939e",
                "grey4": "#bdc6cf",
                "grey5": "#e1e8ee",
                "greyOutline": "#bbb",
                "platform": Object {
                  "android": Object {
                    "error": "#f44336",
                    "primary": "#2196f3",
                    "secondary": "#9C27B0",
                    "success": "#4caf50",
                    "warning": "#ffeb3b",
                  },
                  "ios": Object {
                    "error": "#ff3b30",
                    "primary": "#007aff",
                    "secondary": "#5856d6",
                    "success": "#4cd964",
                    "warning": "#ffcc00",
                  },
                },
                "primary": "#2089dc",
                "searchBg": "#303337",
                "secondary": "#8F0CE8",
                "success": "#52c41a",
                "warning": "#faad14",
              },
            }
          }
          underlayColor="white"
        >
          <Text />
        </View>
      </View>
    </View>
  </View>
</View>
`;
