// Jest Snapshot v1, https://goo.gl/fbAQLP

exports[`LinearGradient snapshot renders correctly 1`] = `
<BVLinearGradient
  colors={
    Array [
      4283197087,
      4282079640,
      4279840618,
    ]
  }
  endPoint={
    Object {
      "x": 0.5,
      "y": 1,
    }
  }
  locations={null}
  startPoint={
    Object {
      "x": 0.5,
      "y": 0,
    }
  }
>
  <Text>
    Test
  </Text>
</BVLinearGradient>
`;
